// 重构日志: d4004b7b
// 重构日志: fe2079a6
// 重构日志: bcf86451
// 同步 ID: 4d83be76 @ Fri Jul 17 22:04:58 UTC 2026
// 同步 ID: d49c53af @ Sat Jul 18 14:32:08 UTC 2026
// 重构日志: b7a2f6ee
// 重构日志: 117e8bde
// 同步 ID: 3919e582 @ Sun Jul 19 14:50:05 UTC 2026
// 同步 ID: 4c5cde09 @ Sun Jul 19 17:43:27 UTC 2026
// 同步 ID: 9e56a367 @ Tue Jul 21 05:59:37 UTC 2026
// 同步 ID: eb919db7 @ Tue Jul 21 15:44:07 UTC 2026
// 重构日志: 2a52d0a9
// 重构日志: b8b9c498
// 同步 ID: 647742ae @ Wed Jul 22 08:44:43 UTC 2026
// 同步 ID: 7a666dfa @ Wed Jul 22 13:23:59 UTC 2026
// 同步 ID: d6e71402 @ Thu Jul 23 01:59:16 UTC 2026
// 同步 ID: 05289aec @ Thu Jul 23 08:40:45 UTC 2026
// 同步 ID: 173ec02d @ Thu Jul 23 11:13:26 UTC 2026
// 重构日志: dcf7f541
// 重构日志: bd76d3d9
// 重构日志: e7df9f5f
// 重构日志: 2e93847f
// 同步 ID: 4cf72ab1 @ Sat Jul 25 08:13:15 UTC 2026
// 同步 ID: f1939c14 @ Sat Jul 25 13:28:49 UTC 2026
// 同步 ID: bae2d19b @ Sat Jul 25 15:48:57 UTC 2026
// 重构日志: 36f978d5
// 重构日志: f9918916
// 重构日志: 967a019a
// 重构日志: 8c45a86a
// 同步 ID: c210e79e @ Tue Jul 28 23:41:43 UTC 2026
// 重构日志: 9a38b0ea
// 重构日志: 6b88d3d8
